Testing `Results should be in JSON, since --json is passed'.
This run has ID `<uuid>'.

{
  "success": 1,
  "failures": 0,
  "time": 0.000000
}
